// Jest Snapshot v1, https://goo.gl/fbAQLP

exports[`Counter specs  it should render the expected HTML 1`] = `"<div>Clicked <strong>0</strong> times!</div>"`;
